
> @onegenui/utils@0.1.0 build /Users/giulioleone/Sviluppo/genUi/json-render/packages/utils
> tsup

CLI Building entry: src/index.ts
CLI Using tsconfig: tsconfig.json
CLI tsup v8.5.1
CLI Using tsup config: /Users/giulioleone/Sviluppo/genUi/json-render/packages/utils/tsup.config.ts
CLI Target: es2020
CLI Cleaning output folder
CJS Build start
ESM Build start
CJS dist/index.cjs     4.66 KB
CJS dist/index.cjs.map 8.25 KB
CJS ⚡️ Build success in 22ms
ESM dist/index.js     3.36 KB
ESM dist/index.js.map 7.86 KB
ESM ⚡️ Build success in 22ms
DTS Build start
DTS ⚡️ Build success in 861ms
DTS dist/index.d.cts 3.31 KB
DTS dist/index.d.ts  3.31 KB
